// Jest Snapshot v1, https://goo.gl/fbAQLP

exports[`renders the UI as expected 1`] = `
<div
  className="div_main"
>
  <form
    className="watch-form"
    onSubmit={[Function]}
  >
    <div
      className="form__section"
    >
      <h3
        className="form__header"
      >
        What do you want to watch?
      </h3>
      <div
        className="title_section"
      >
        <label
          className="title_label"
          htmlFor="title"
        >
          Title
        </label>
        <input
          className="title_input"
          id="title"
          name="title"
          placeholder="Title"
          required={true}
          type="text"
        />
      </div>
      <div>
        <label
          htmlFor="streaming-service"
        >
          Streaming Service
        </label>
        <select
          id="streaming-service"
          name="streaming-service"
        >
          <option
            value="..."
          >
            ...
          </option>
          <option
            value="netflix"
          >
            Netflix
          </option>
          <option
            value="hulu"
          >
            Hulu
          </option>
          <option
            value="amazon-prime"
          >
            Amazon Prime
          </option>
          <option
            value="hbo"
          >
            HBO
          </option>
          <option
            value="showtime"
          >
            showtime
          </option>
          <option
            value="other"
          >
            other
          </option>
        </select>
      </div>
      <button
        className="submit_button"
        type="submit"
      >
        Add to list
      </button>
    </div>
  </form>
  <div
    className="DashboardListNav"
  >
    <ul
      className="DashboardList_list"
    >
      <h2
        className="list__title"
      >
        Get to work!
      </h2>
    </ul>
    <section
      className="scoreboard_section"
    >
      <h2
        className="scoreboard__title"
      >
        Scoreboard
      </h2>
      <ul
        className="scoreboard_list_section"
      >
        <div>
          Score: 
          0
        </div>
        

        

      </ul>
    </section>
  </div>
</div>
`;
