// Jest Snapshot v1, https://goo.gl/fbAQLP

exports[`renders the UI as expected 1`] = `
<div
  className="WatchedListNav"
>
  <h2>
    What you've watched
  </h2>
  <ul
    className="WatchedList_list"
  />
</div>
`;
